I'm sorry, but errors were detected in your script. Please correct the
errors listed below, and try again.


File "game/day/days/day28.rpy", line 54: expected statement.
    nvl window
       ^

File "game/day/days/day5.rpy", line 38: expected statement.
    nvl_window
              ^

Ren'Py Version: Ren'Py 8.3.7.25031702
Fri May 30 18:59:23 2025
